<html>
<body>
<pre>
<h1>µVision Build Log</h1>
<h2>Tool Versions:</h2>
IDE-Version: ¶ÃVision V5.35.0.0
Copyright (C) 2021 ARM Ltd and ARM Germany GmbH. All rights reserved.
License Information: 1 liu'chong'hui, 222, LIC=21E4T-R2WLZ-HL2CL-0QW1I-URX7I-0TX53
 
Tool Versions:
Toolchain:       MDK-ARM Plus  Version: 5.35.0.2
Toolchain Path:  C:\Keil_v5\ARM\ARMCC\Bin
C Compiler:      Armcc.exe V5.06 update 7 (build 960)
Assembler:       Armasm.exe V5.06 update 7 (build 960)
Linker/Locator:  ArmLink.exe V5.06 update 7 (build 960)
Library Manager: ArmAr.exe V5.06 update 7 (build 960)
Hex Converter:   FromElf.exe V5.06 update 7 (build 960)
CPU DLL:         SARMCM3.DLL V5.35.0.2
Dialog DLL:      DCM.DLL V1.17.3.0
Target DLL:      STLink\ST-LINKIII-KEIL_SWO.dll V3.0.9.0
Dialog DLL:      TCM.DLL V1.53.0.0
 
<h2>Project:</h2>
D:\Project\ÃÏΩÚ\ÃÏΩÚ√˘‘¿\V1.1\Proj\sl8629V10.uvprojx
Project File Date:  03/17/2025

<h2>Output:</h2>
*** Using Compiler 'V5.06 update 7 (build 960)', folder: 'C:\Keil_v5\ARM\ARMCC\Bin'
Rebuild target 'sl8629'
assembling startup_stm32f10x_hd.s...
compiling IOApp.c...
..\User\scr\IOApp.c(117): warning:  #177-D: variable "ShiftValue"  was declared but never referenced
  	static uint32_t ShiftValue[2]={0,0};
..\User\scr\IOApp.c: 1 warning, 0 errors
compiling stm32f10x_it.c...
compiling ADApp.c...
compiling crc.c...
compiling Timer.c...
compiling main.c...
compiling AOApp.c...
compiling misc.c...
compiling stm32f10x_gpio.c...
compiling stm32f10x_rcc.c...
compiling stm32f10x_flash.c...
compiling stm32f10x_usart.c...
compiling stm32f10x_iwdg.c...
compiling stm32f10x_tim.c...
compiling stm32f10x_exti.c...
compiling stm32f10x_spi.c...
compiling stm32f10x_pwr.c...
compiling stm32f10x_dma.c...
compiling stm32f10x_adc.c...
compiling Bsp.c...
compiling IO.c...
compiling timer2.c...
compiling STM32_Uart1.c...
compiling core_cm3.c...
compiling AD.C...
compiling AO.c...
compiling Key.c...
compiling system_stm32f10x.c...
linking...
Program Size: Code=6640 RO-data=336 RW-data=392 ZI-data=1776  
FromELF: creating hex file...
".\Objects\sl8629V10-20170307.axf" - 0 Error(s), 1 Warning(s).

<h2>Software Packages used:</h2>

Package Vendor: Keil
                http://www.keil.com/pack/Keil.STM32F1xx_DFP.2.4.0.pack
                Keil.STM32F1xx_DFP.2.4.0
                STMicroelectronics STM32F1 Series Device Support, Drivers and Examples

<h2>Collection of Component include folders:</h2>
  C:\Users\liu'chong'hui\AppData\Local\Arm\Packs\Keil\STM32F1xx_DFP\2.4.0\Device\Include

<h2>Collection of Component Files used:</h2>
Build Time Elapsed:  00:00:02
</pre>
</body>
</html>
